hostname=acidsgcn011 job_id=4399481 array_task=1 cwd=/home/users/jhong36/project/ordinal-uncertainty
dataset=solar objective=ce seed=2 checkpoint=outputs/solar/mechanism_replication/backbones/ce/seed_2/selected_checkpoint.pt output=outputs/mechanism_replication/ac/solar/ce/seed_2
python=/home/users/jhong36/miniforge3/envs/ocqr/bin/python conda_env=ocqr
Tesla V100-SXM2-32GB
{'cuda_available': True, 'cuda_device_count': 1, 'torch': '2.6.0+cu124', 'torch_cuda': '12.4'}
{'gpu': 'Tesla V100-SXM2-32GB'}
{
  "protocol": "FROZEN FOR EXECUTION A/C mechanism replication",
  "dataset": "solar",
  "backbone_objective": "ce",
  "backbone_seed": 2,
  "checkpoint": "outputs/solar/mechanism_replication/backbones/ce/seed_2/selected_checkpoint.pt",
  "feature_definition": "512-D input to model.fc after average pooling/flatten",
  "retina_data_provenance": null,
  "retina_preprocessing": null,
  "seed_role": "confirmatory",
  "A": "original frozen head",
  "C": {
    "objective": "cross_entropy",
    "sampling": "replacement class-balanced",
    "optimizer": "AdamW",
    "learning_rate": 0.001,
    "batch_size": 64,
    "epochs": 100,
    "direction_weight_decay": 0.0,
    "fixed_original_norms": true,
    "fixed_original_biases": true
  },
  "integrity_tolerances": {
    "a_replay_max_abs_error": 2e-05,
    "c_initialization_replay_max_abs_error": 2e-05,
    "c_norm_error": 1e-06,
    "c_bias_error": 1e-06
  },
  "integrity": {
    "a_replay_max_abs_error": 4.76837158203125e-06,
    "c_initialization_replay_max_abs_error": 9.5367431640625e-07,
    "c_max_norm_error": 0.0,
    "c_max_bias_error": 0.0,
    "evaluation_population": "reused archived aligned Solar readout; not a new external confirmation",
    "centroid_rule": "aligned training features only"
  },
  "rare_end_h1_summary": {
    "support": 921,
    "a_mae": 1.8230184581976112,
    "c_mae": 0.6080347448425625,
    "delta_mae_c_minus_a": -1.2149837133550487,
    "a_exact": 29,
    "c_exact": 523,
    "a_mean_shrinkage": 1.7054940236915441,
    "c_mean_shrinkage": 0.6866166551854126
  }
}
